arm-none-eabi-size   LoRaWAN_End_Node.elf 
   text	   data	    bss	    dec	    hex	filename
  84120	    400	  11056	  95576	  17558	LoRaWAN_End_Node.elf
Finished building: default.size.stdout
 

10:57:58 Build Finished. 0 errors, 0 warnings. (took 482ms)

10:57:59 **** Incremental Build of configuration Debug for project LoRaWAN_End_Node ****
make -j8 all 
arm-none-eabi-size   LoRaWAN_End_Node.elf 
   text	   data	    bss	    dec	    hex	filename
  84120	    400	  11056	  95576	  17558	LoRaWAN_End_Node.elf
Finished building: default.size.stdout
 
10:58:09 **** Incremental Build of configuration Debug for project LoRaWAN_End_Node ****
make -j8 all 
arm-none-eabi-size   LoRaWAN_End_Node.elf 
   text	   data	    bss	    dec	    hex	filename
  84120	    400	  11056	  95576	  17558	LoRaWAN_End_Node.elf
Finished building: default.size.stdout
 
10:59:05 **** Incremental Build of configuration Debug for project LoRaWAN_End_Node ****
make -j8 all 
arm-none-eabi-size   LoRaWAN_End_Node.elf 
   text	   data	    bss	    dec	    hex	filename
  84120	    400	  11056	  95576	  17558	LoRaWAN_End_Node.elf
Finished building: default.size.stdout
 
11:05:44 **** Incremental Build of configuration Debug for project LoRaWAN_End_Node ****
make -j8 all 
arm-none-eabi-size   LoRaWAN_End_Node.elf 
   text	   data	    bss	    dec	    hex	filename
  84120	    400	  11056	  95576	  17558	LoRaWAN_End_Node.elf
Finished building: default.size.stdout
 
11:12:41 **** Incremental Build of configuration Debug for project LoRaWAN_End_Node ****
make -j8 all 
arm-none-eabi-size   LoRaWAN_End_Node.elf 
   text	   data	    bss	    dec	    hex	filename
  84120	    400	  11056	  95576	  17558	LoRaWAN_End_Node.elf
Finished building: default.size.stdout
 
11:15:58 **** Incremental Build of configuration Debug for project LoRaWAN_End_Node ****
make -j8 all 
arm-none-eabi-size   LoRaWAN_End_Node.elf 
   text	   data	    bss	    dec	    hex	filename
  84120	    400	  11056	  95576	  17558	LoRaWAN_End_Node.elf
Finished building: default.size.stdout
 
11:33:44 **** Incremental Build of configuration Debug for project LoRaWAN_End_Node ****
make -j8 all 
arm-none-eabi-size   LoRaWAN_End_Node.elf 
   text	   data	    bss	    dec	    hex	filename
  84120	    400	  11056	  95576	  17558	LoRaWAN_End_Node.elf
Finished building: default.size.stdout
 
11:33:53 **** Incremental Build of configuration Debug for project LoRaWAN_End_Node ****
make -j8 all 
arm-none-eabi-size   LoRaWAN_End_Node.elf 
   text	   data	    bss	    dec	    hex	filename
  84120	    400	  11056	  95576	  17558	LoRaWAN_End_Node.elf
Finished building: default.size.stdout
 
