18:22:07 **** Build of configuration Debug for project SubGHz_Phy_PingPong ****
make -j8 all 
arm-none-eabi-gcc "C:/Users/MADOR - T/STM32Cube/Example/SubGHz_Phy_PingPong/Utilities/trace/adv_trace/stm32_adv_trace.c" -mcpu=cortex-m4 -std=gnu11 -g3 -DDEBUG -DCORE_CM4 -DUSE_HAL_DRIVER -DSTM32WL55xx -c -I../../Core/Inc -I../../SubGHz_Phy/App -I../../SubGHz_Phy/Target -I../../Utilities/trace/adv_trace -I../../Drivers/STM32WLxx_HAL_Driver/Inc -I../../Drivers/STM32WLxx_HAL_Driver/Inc/Legacy -I../../Utilities/misc -I../../Utilities/sequencer -I../../Utilities/timer -I../../Utilities/lpm/tiny_lpm -I../../Middlewares/Third_Party/SubGHz_Phy -I../../Middlewares/Third_Party/SubGHz_Phy/stm32_radio_driver -I../../Drivers/CMSIS/Device/ST/STM32WLxx/Include -I../../Drivers/CMSIS/Include -I../../Drivers/BSP/STM32WLxx_Nucleo -Og -ffunction-sections -fdata-sections -Wall -fstack-usage -MMD -MP -MF"Utilities/stm32_adv_trace.d" -MT"Utilities/stm32_adv_trace.o" --specs=nano.specs -mfloat-abi=soft -mthumb -o "Utilities/stm32_adv_trace.o"
arm-none-eabi-gcc "C:/Users/MADOR - T/STM32Cube/Example/SubGHz_Phy_PingPong/Utilities/lpm/tiny_lpm/stm32_lpm.c" -mcpu=cortex-m4 -std=gnu11 -g3 -DDEBUG -DCORE_CM4 -DUSE_HAL_DRIVER -DSTM32WL55xx -c -I../../Core/Inc -I../../SubGHz_Phy/App -I../../SubGHz_Phy/Target -I../../Utilities/trace/adv_trace -I../../Drivers/STM32WLxx_HAL_Driver/Inc -I../../Drivers/STM32WLxx_HAL_Driver/Inc/Legacy -I../../Utilities/misc -I../../Utilities/sequencer -I../../Utilities/timer -I../../Utilities/lpm/tiny_lpm -I../../Middlewares/Third_Party/SubGHz_Phy -I../../Middlewares/Third_Party/SubGHz_Phy/stm32_radio_driver -I../../Drivers/CMSIS/Device/ST/STM32WLxx/Include -I../../Drivers/CMSIS/Include -I../../Drivers/BSP/STM32WLxx_Nucleo -Og -ffunction-sections -fdata-sections -Wall -fstack-usage -MMD -MP -MF"Utilities/stm32_lpm.d" -MT"Utilities/stm32_lpm.o" --specs=nano.specs -mfloat-abi=soft -mthumb -o "Utilities/stm32_lpm.o"
arm-none-eabi-gcc "C:/Users/MADOR - T/STM32Cube/Example/SubGHz_Phy_PingPong/Utilities/misc/stm32_mem.c" -mcpu=cortex-m4 -std=gnu11 -g3 -DDEBUG -DCORE_CM4 -DUSE_HAL_DRIVER -DSTM32WL55xx -c -I../../Core/Inc -I../../SubGHz_Phy/App -I../../SubGHz_Phy/Target -I../../Utilities/trace/adv_trace -I../../Drivers/STM32WLxx_HAL_Driver/Inc -I../../Drivers/STM32WLxx_HAL_Driver/Inc/Legacy -I../../Utilities/misc -I../../Utilities/sequencer -I../../Utilities/timer -I../../Utilities/lpm/tiny_lpm -I../../Middlewares/Third_Party/SubGHz_Phy -I../../Middlewares/Third_Party/SubGHz_Phy/stm32_radio_driver -I../../Drivers/CMSIS/Device/ST/STM32WLxx/Include -I../../Drivers/CMSIS/Include -I../../Drivers/BSP/STM32WLxx_Nucleo -Og -ffunction-sections -fdata-sections -Wall -fstack-usage -MMD -MP -MF"Utilities/stm32_mem.d" -MT"Utilities/stm32_mem.o" --specs=nano.specs -mfloat-abi=soft -mthumb -o "Utilities/stm32_mem.o"
arm-none-eabi-gcc "C:/Users/MADOR - T/STM32Cube/Example/SubGHz_Phy_PingPong/Utilities/sequencer/stm32_seq.c" -mcpu=cortex-m4 -std=gnu11 -g3 -DDEBUG -DCORE_CM4 -DUSE_HAL_DRIVER -DSTM32WL55xx -c -I../../Core/Inc -I../../SubGHz_Phy/App -I../../SubGHz_Phy/Target -I../../Utilities/trace/adv_trace -I../../Drivers/STM32WLxx_HAL_Driver/Inc -I../../Drivers/STM32WLxx_HAL_Driver/Inc/Legacy -I../../Utilities/misc -I../../Utilities/sequencer -I../../Utilities/timer -I../../Utilities/lpm/tiny_lpm -I../../Middlewares/Third_Party/SubGHz_Phy -I../../Middlewares/Third_Party/SubGHz_Phy/stm32_radio_driver -I../../Drivers/CMSIS/Device/ST/STM32WLxx/Include -I../../Drivers/CMSIS/Include -I../../Drivers/BSP/STM32WLxx_Nucleo -Og -ffunction-sections -fdata-sections -Wall -fstack-usage -MMD -MP -MF"Utilities/stm32_seq.d" -MT"Utilities/stm32_seq.o" --specs=nano.specs -mfloat-abi=soft -mthumb -o "Utilities/stm32_seq.o"
arm-none-eabi-gcc "C:/Users/MADOR - T/STM32Cube/Example/SubGHz_Phy_PingPong/Utilities/misc/stm32_systime.c" -mcpu=cortex-m4 -std=gnu11 -g3 -DDEBUG -DCORE_CM4 -DUSE_HAL_DRIVER -DSTM32WL55xx -c -I../../Core/Inc -I../../SubGHz_Phy/App -I../../SubGHz_Phy/Target -I../../Utilities/trace/adv_trace -I../../Drivers/STM32WLxx_HAL_Driver/Inc -I../../Drivers/STM32WLxx_HAL_Driver/Inc/Legacy -I../../Utilities/misc -I../../Utilities/sequencer -I../../Utilities/timer -I../../Utilities/lpm/tiny_lpm -I../../Middlewares/Third_Party/SubGHz_Phy -I../../Middlewares/Third_Party/SubGHz_Phy/stm32_radio_driver -I../../Drivers/CMSIS/Device/ST/STM32WLxx/Include -I../../Drivers/CMSIS/Include -I../../Drivers/BSP/STM32WLxx_Nucleo -Og -ffunction-sections -fdata-sections -Wall -fstack-usage -MMD -MP -MF"Utilities/stm32_systime.d" -MT"Utilities/stm32_systime.o" --specs=nano.specs -mfloat-abi=soft -mthumb -o "Utilities/stm32_systime.o"
arm-none-eabi-gcc "C:/Users/MADOR - T/STM32Cube/Example/SubGHz_Phy_PingPong/Utilities/timer/stm32_timer.c" -mcpu=cortex-m4 -std=gnu11 -g3 -DDEBUG -DCORE_CM4 -DUSE_HAL_DRIVER -DSTM32WL55xx -c -I../../Core/Inc -I../../SubGHz_Phy/App -I../../SubGHz_Phy/Target -I../../Utilities/trace/adv_trace -I../../Drivers/STM32WLxx_HAL_Driver/Inc -I../../Drivers/STM32WLxx_HAL_Driver/Inc/Legacy -I../../Utilities/misc -I../../Utilities/sequencer -I../../Utilities/timer -I../../Utilities/lpm/tiny_lpm -I../../Middlewares/Third_Party/SubGHz_Phy -I../../Middlewares/Third_Party/SubGHz_Phy/stm32_radio_driver -I../../Drivers/CMSIS/Device/ST/STM32WLxx/Include -I../../Drivers/CMSIS/Include -I../../Drivers/BSP/STM32WLxx_Nucleo -Og -ffunction-sections -fdata-sections -Wall -fstack-usage -MMD -MP -MF"Utilities/stm32_timer.d" -MT"Utilities/stm32_timer.o" --specs=nano.specs -mfloat-abi=soft -mthumb -o "Utilities/stm32_timer.o"
arm-none-eabi-gcc "C:/Users/MADOR - T/STM32Cube/Example/SubGHz_Phy_PingPong/Utilities/misc/stm32_tiny_sscanf.c" -mcpu=cortex-m4 -std=gnu11 -g3 -DDEBUG -DCORE_CM4 -DUSE_HAL_DRIVER -DSTM32WL55xx -c -I../../Core/Inc -I../../SubGHz_Phy/App -I../../SubGHz_Phy/Target -I../../Utilities/trace/adv_trace -I../../Drivers/STM32WLxx_HAL_Driver/Inc -I../../Drivers/STM32WLxx_HAL_Driver/Inc/Legacy -I../../Utilities/misc -I../../Utilities/sequencer -I../../Utilities/timer -I../../Utilities/lpm/tiny_lpm -I../../Middlewares/Third_Party/SubGHz_Phy -I../../Middlewares/Third_Party/SubGHz_Phy/stm32_radio_driver -I../../Drivers/CMSIS/Device/ST/STM32WLxx/Include -I../../Drivers/CMSIS/Include -I../../Drivers/BSP/STM32WLxx_Nucleo -Og -ffunction-sections -fdata-sections -Wall -fstack-usage -MMD -MP -MF"Utilities/stm32_tiny_sscanf.d" -MT"Utilities/stm32_tiny_sscanf.o" --specs=nano.specs -mfloat-abi=soft -mthumb -o "Utilities/stm32_tiny_sscanf.o"
arm-none-eabi-gcc "C:/Users/MADOR - T/STM32Cube/Example/SubGHz_Phy_PingPong/Utilities/misc/stm32_tiny_vsnprintf.c" -mcpu=cortex-m4 -std=gnu11 -g3 -DDEBUG -DCORE_CM4 -DUSE_HAL_DRIVER -DSTM32WL55xx -c -I../../Core/Inc -I../../SubGHz_Phy/App -I../../SubGHz_Phy/Target -I../../Utilities/trace/adv_trace -I../../Drivers/STM32WLxx_HAL_Driver/Inc -I../../Drivers/STM32WLxx_HAL_Driver/Inc/Legacy -I../../Utilities/misc -I../../Utilities/sequencer -I../../Utilities/timer -I../../Utilities/lpm/tiny_lpm -I../../Middlewares/Third_Party/SubGHz_Phy -I../../Middlewares/Third_Party/SubGHz_Phy/stm32_radio_driver -I../../Drivers/CMSIS/Device/ST/STM32WLxx/Include -I../../Drivers/CMSIS/Include -I../../Drivers/BSP/STM32WLxx_Nucleo -Og -ffunction-sections -fdata-sections -Wall -fstack-usage -MMD -MP -MF"Utilities/stm32_tiny_vsnprintf.d" -MT"Utilities/stm32_tiny_vsnprintf.o" --specs=nano.specs -mfloat-abi=soft -mthumb -o "Utilities/stm32_tiny_vsnprintf.o"
arm-none-eabi-gcc "C:/Users/MADOR - T/STM32Cube/Example/SubGHz_Phy_PingPong/Middlewares/Third_Party/SubGHz_Phy/stm32_radio_driver/radio.c" -mcpu=cortex-m4 -std=gnu11 -g3 -DDEBUG -DCORE_CM4 -DUSE_HAL_DRIVER -DSTM32WL55xx -c -I../../Core/Inc -I../../SubGHz_Phy/App -I../../SubGHz_Phy/Target -I../../Utilities/trace/adv_trace -I../../Drivers/STM32WLxx_HAL_Driver/Inc -I../../Drivers/STM32WLxx_HAL_Driver/Inc/Legacy -I../../Utilities/misc -I../../Utilities/sequencer -I../../Utilities/timer -I../../Utilities/lpm/tiny_lpm -I../../Middlewares/Third_Party/SubGHz_Phy -I../../Middlewares/Third_Party/SubGHz_Phy/stm32_radio_driver -I../../Drivers/CMSIS/Device/ST/STM32WLxx/Include -I../../Drivers/CMSIS/Include -I../../Drivers/BSP/STM32WLxx_Nucleo -Og -ffunction-sections -fdata-sections -Wall -fstack-usage -MMD -MP -MF"Middlewares/SubGHz_Phy/radio.d" -MT"Middlewares/SubGHz_Phy/radio.o" --specs=nano.specs -mfloat-abi=soft -mthumb -o "Middlewares/SubGHz_Phy/radio.o"
arm-none-eabi-gcc "C:/Users/MADOR - T/STM32Cube/Example/SubGHz_Phy_PingPong/Middlewares/Third_Party/SubGHz_Phy/stm32_radio_driver/radio_driver.c" -mcpu=cortex-m4 -std=gnu11 -g3 -DDEBUG -DCORE_CM4 -DUSE_HAL_DRIVER -DSTM32WL55xx -c -I../../Core/Inc -I../../SubGHz_Phy/App -I../../SubGHz_Phy/Target -I../../Utilities/trace/adv_trace -I../../Drivers/STM32WLxx_HAL_Driver/Inc -I../../Drivers/STM32WLxx_HAL_Driver/Inc/Legacy -I../../Utilities/misc -I../../Utilities/sequencer -I../../Utilities/timer -I../../Utilities/lpm/tiny_lpm -I../../Middlewares/Third_Party/SubGHz_Phy -I../../Middlewares/Third_Party/SubGHz_Phy/stm32_radio_driver -I../../Drivers/CMSIS/Device/ST/STM32WLxx/Include -I../../Drivers/CMSIS/Include -I../../Drivers/BSP/STM32WLxx_Nucleo -Og -ffunction-sections -fdata-sections -Wall -fstack-usage -MMD -MP -MF"Middlewares/SubGHz_Phy/radio_driver.d" -MT"Middlewares/SubGHz_Phy/radio_driver.o" --specs=nano.specs -mfloat-abi=soft -mthumb -o "Middlewares/SubGHz_Phy/radio_driver.o"
arm-none-eabi-gcc "C:/Users/MADOR - T/STM32Cube/Example/SubGHz_Phy_PingPong/Middlewares/Third_Party/SubGHz_Phy/stm32_radio_driver/radio_fw.c" -mcpu=cortex-m4 -std=gnu11 -g3 -DDEBUG -DCORE_CM4 -DUSE_HAL_DRIVER -DSTM32WL55xx -c -I../../Core/Inc -I../../SubGHz_Phy/App -I../../SubGHz_Phy/Target -I../../Utilities/trace/adv_trace -I../../Drivers/STM32WLxx_HAL_Driver/Inc -I../../Drivers/STM32WLxx_HAL_Driver/Inc/Legacy -I../../Utilities/misc -I../../Utilities/sequencer -I../../Utilities/timer -I../../Utilities/lpm/tiny_lpm -I../../Middlewares/Third_Party/SubGHz_Phy -I../../Middlewares/Third_Party/SubGHz_Phy/stm32_radio_driver -I../../Drivers/CMSIS/Device/ST/STM32WLxx/Include -I../../Drivers/CMSIS/Include -I../../Drivers/BSP/STM32WLxx_Nucleo -Og -ffunction-sections -fdata-sections -Wall -fstack-usage -MMD -MP -MF"Middlewares/SubGHz_Phy/radio_fw.d" -MT"Middlewares/SubGHz_Phy/radio_fw.o" --specs=nano.specs -mfloat-abi=soft -mthumb -o "Middlewares/SubGHz_Phy/radio_fw.o"
arm-none-eabi-gcc "C:/Users/MADOR - T/STM32Cube/Example/SubGHz_Phy_PingPong/Drivers/STM32WLxx_HAL_Driver/Src/stm32wlxx_hal.c" -mcpu=cortex-m4 -std=gnu11 -g3 -DDEBUG -DCORE_CM4 -DUSE_HAL_DRIVER -DSTM32WL55xx -c -I../../Core/Inc -I../../SubGHz_Phy/App -I../../SubGHz_Phy/Target -I../../Utilities/trace/adv_trace -I../../Drivers/STM32WLxx_HAL_Driver/Inc -I../../Drivers/STM32WLxx_HAL_Driver/Inc/Legacy -I../../Utilities/misc -I../../Utilities/sequencer -I../../Utilities/timer -I../../Utilities/lpm/tiny_lpm -I../../Middlewares/Third_Party/SubGHz_Phy -I../../Middlewares/Third_Party/SubGHz_Phy/stm32_radio_driver -I../../Drivers/CMSIS/Device/ST/STM32WLxx/Include -I../../Drivers/CMSIS/Include -I../../Drivers/BSP/STM32WLxx_Nucleo -Og -ffunction-sections -fdata-sections -Wall -fstack-usage -MMD -MP -MF"Drivers/STM32WLxx_HAL_Driver/stm32wlxx_hal.d" -MT"Drivers/STM32WLxx_HAL_Driver/stm32wlxx_hal.o" --specs=nano.specs -mfloat-abi=soft -mthumb -o "Drivers/STM32WLxx_HAL_Driver/stm32wlxx_hal.o"
arm-none-eabi-gcc "C:/Users/MADOR - T/STM32Cube/Example/SubGHz_Phy_PingPong/Drivers/STM32WLxx_HAL_Driver/Src/stm32wlxx_hal_cortex.c" -mcpu=cortex-m4 -std=gnu11 -g3 -DDEBUG -DCORE_CM4 -DUSE_HAL_DRIVER -DSTM32WL55xx -c -I../../Core/Inc -I../../SubGHz_Phy/App -I../../SubGHz_Phy/Target -I../../Utilities/trace/adv_trace -I../../Drivers/STM32WLxx_HAL_Driver/Inc -I../../Drivers/STM32WLxx_HAL_Driver/Inc/Legacy -I../../Utilities/misc -I../../Utilities/sequencer -I../../Utilities/timer -I../../Utilities/lpm/tiny_lpm -I../../Middlewares/Third_Party/SubGHz_Phy -I../../Middlewares/Third_Party/SubGHz_Phy/stm32_radio_driver -I../../Drivers/CMSIS/Device/ST/STM32WLxx/Include -I../../Drivers/CMSIS/Include -I../../Drivers/BSP/STM32WLxx_Nucleo -Og -ffunction-sections -fdata-sections -Wall -fstack-usage -MMD -MP -MF"Drivers/STM32WLxx_HAL_Driver/stm32wlxx_hal_cortex.d" -MT"Drivers/STM32WLxx_HAL_Driver/stm32wlxx_hal_cortex.o" --specs=nano.specs -mfloat-abi=soft -mthumb -o "Drivers/STM32WLxx_HAL_Driver/stm32wlxx_hal_cortex.o"
arm-none-eabi-gcc "C:/Users/MADOR - T/STM32Cube/Example/SubGHz_Phy_PingPong/Drivers/STM32WLxx_HAL_Driver/Src/stm32wlxx_hal_dma.c" -mcpu=cortex-m4 -std=gnu11 -g3 -DDEBUG -DCORE_CM4 -DUSE_HAL_DRIVER -DSTM32WL55xx -c -I../../Core/Inc -I../../SubGHz_Phy/App -I../../SubGHz_Phy/Target -I../../Utilities/trace/adv_trace -I../../Drivers/STM32WLxx_HAL_Driver/Inc -I../../Drivers/STM32WLxx_HAL_Driver/Inc/Legacy -I../../Utilities/misc -I../../Utilities/sequencer -I../../Utilities/timer -I../../Utilities/lpm/tiny_lpm -I../../Middlewares/Third_Party/SubGHz_Phy -I../../Middlewares/Third_Party/SubGHz_Phy/stm32_radio_driver -I../../Drivers/CMSIS/Device/ST/STM32WLxx/Include -I../../Drivers/CMSIS/Include -I../../Drivers/BSP/STM32WLxx_Nucleo -Og -ffunction-sections -fdata-sections -Wall -fstack-usage -MMD -MP -MF"Drivers/STM32WLxx_HAL_Driver/stm32wlxx_hal_dma.d" -MT"Drivers/STM32WLxx_HAL_Driver/stm32wlxx_hal_dma.o" --specs=nano.specs -mfloat-abi=soft -mthumb -o "Drivers/STM32WLxx_HAL_Driver/stm32wlxx_hal_dma.o"
arm-none-eabi-gcc "C:/Users/MADOR - T/STM32Cube/Example/SubGHz_Phy_PingPong/Drivers/STM32WLxx_HAL_Driver/Src/stm32wlxx_hal_dma_ex.c" -mcpu=cortex-m4 -std=gnu11 -g3 -DDEBUG -DCORE_CM4 -DUSE_HAL_DRIVER -DSTM32WL55xx -c -I../../Core/Inc -I../../SubGHz_Phy/App -I../../SubGHz_Phy/Target -I../../Utilities/trace/adv_trace -I../../Drivers/STM32WLxx_HAL_Driver/Inc -I../../Drivers/STM32WLxx_HAL_Driver/Inc/Legacy -I../../Utilities/misc -I../../Utilities/sequencer -I../../Utilities/timer -I../../Utilities/lpm/tiny_lpm -I../../Middlewares/Third_Party/SubGHz_Phy -I../../Middlewares/Third_Party/SubGHz_Phy/stm32_radio_driver -I../../Drivers/CMSIS/Device/ST/STM32WLxx/Include -I../../Drivers/CMSIS/Include -I../../Drivers/BSP/STM32WLxx_Nucleo -Og -ffunction-sections -fdata-sections -Wall -fstack-usage -MMD -MP -MF"Drivers/STM32WLxx_HAL_Driver/stm32wlxx_hal_dma_ex.d" -MT"Drivers/STM32WLxx_HAL_Driver/stm32wlxx_hal_dma_ex.o" --specs=nano.specs -mfloat-abi=soft -mthumb -o "Drivers/STM32WLxx_HAL_Driver/stm32wlxx_hal_dma_ex.o"
arm-none-eabi-gcc "C:/Users/MADOR - T/STM32Cube/Example/SubGHz_Phy_PingPong/Drivers/STM32WLxx_HAL_Driver/Src/stm32wlxx_hal_exti.c" -mcpu=cortex-m4 -std=gnu11 -g3 -DDEBUG -DCORE_CM4 -DUSE_HAL_DRIVER -DSTM32WL55xx -c -I../../Core/Inc -I../../SubGHz_Phy/App -I../../SubGHz_Phy/Target -I../../Utilities/trace/adv_trace -I../../Drivers/STM32WLxx_HAL_Driver/Inc -I../../Drivers/STM32WLxx_HAL_Driver/Inc/Legacy -I../../Utilities/misc -I../../Utilities/sequencer -I../../Utilities/timer -I../../Utilities/lpm/tiny_lpm -I../../Middlewares/Third_Party/SubGHz_Phy -I../../Middlewares/Third_Party/SubGHz_Phy/stm32_radio_driver -I../../Drivers/CMSIS/Device/ST/STM32WLxx/Include -I../../Drivers/CMSIS/Include -I../../Drivers/BSP/STM32WLxx_Nucleo -Og -ffunction-sections -fdata-sections -Wall -fstack-usage -MMD -MP -MF"Drivers/STM32WLxx_HAL_Driver/stm32wlxx_hal_exti.d" -MT"Drivers/STM32WLxx_HAL_Driver/stm32wlxx_hal_exti.o" --specs=nano.specs -mfloat-abi=soft -mthumb -o "Drivers/STM32WLxx_HAL_Driver/stm32wlxx_hal_exti.o"
arm-none-eabi-gcc "C:/Users/MADOR - T/STM32Cube/Example/SubGHz_Phy_PingPong/Drivers/STM32WLxx_HAL_Driver/Src/stm32wlxx_hal_flash.c" -mcpu=cortex-m4 -std=gnu11 -g3 -DDEBUG -DCORE_CM4 -DUSE_HAL_DRIVER -DSTM32WL55xx -c -I../../Core/Inc -I../../SubGHz_Phy/App -I../../SubGHz_Phy/Target -I../../Utilities/trace/adv_trace -I../../Drivers/STM32WLxx_HAL_Driver/Inc -I../../Drivers/STM32WLxx_HAL_Driver/Inc/Legacy -I../../Utilities/misc -I../../Utilities/sequencer -I../../Utilities/timer -I../../Utilities/lpm/tiny_lpm -I../../Middlewares/Third_Party/SubGHz_Phy -I../../Middlewares/Third_Party/SubGHz_Phy/stm32_radio_driver -I../../Drivers/CMSIS/Device/ST/STM32WLxx/Include -I../../Drivers/CMSIS/Include -I../../Drivers/BSP/STM32WLxx_Nucleo -Og -ffunction-sections -fdata-sections -Wall -fstack-usage -MMD -MP -MF"Drivers/STM32WLxx_HAL_Driver/stm32wlxx_hal_flash.d" -MT"Drivers/STM32WLxx_HAL_Driver/stm32wlxx_hal_flash.o" --specs=nano.specs -mfloat-abi=soft -mthumb -o "Drivers/STM32WLxx_HAL_Driver/stm32wlxx_hal_flash.o"
arm-none-eabi-gcc "C:/Users/MADOR - T/STM32Cube/Example/SubGHz_Phy_PingPong/Drivers/STM32WLxx_HAL_Driver/Src/stm32wlxx_hal_flash_ex.c" -mcpu=cortex-m4 -std=gnu11 -g3 -DDEBUG -DCORE_CM4 -DUSE_HAL_DRIVER -DSTM32WL55xx -c -I../../Core/Inc -I../../SubGHz_Phy/App -I../../SubGHz_Phy/Target -I../../Utilities/trace/adv_trace -I../../Drivers/STM32WLxx_HAL_Driver/Inc -I../../Drivers/STM32WLxx_HAL_Driver/Inc/Legacy -I../../Utilities/misc -I../../Utilities/sequencer -I../../Utilities/timer -I../../Utilities/lpm/tiny_lpm -I../../Middlewares/Third_Party/SubGHz_Phy -I../../Middlewares/Third_Party/SubGHz_Phy/stm32_radio_driver -I../../Drivers/CMSIS/Device/ST/STM32WLxx/Include -I../../Drivers/CMSIS/Include -I../../Drivers/BSP/STM32WLxx_Nucleo -Og -ffunction-sections -fdata-sections -Wall -fstack-usage -MMD -MP -MF"Drivers/STM32WLxx_HAL_Driver/stm32wlxx_hal_flash_ex.d" -MT"Drivers/STM32WLxx_HAL_Driver/stm32wlxx_hal_flash_ex.o" --specs=nano.specs -mfloat-abi=soft -mthumb -o "Drivers/STM32WLxx_HAL_Driver/stm32wlxx_hal_flash_ex.o"
arm-none-eabi-gcc "C:/Users/MADOR - T/STM32Cube/Example/SubGHz_Phy_PingPong/Drivers/STM32WLxx_HAL_Driver/Src/stm32wlxx_hal_gpio.c" -mcpu=cortex-m4 -std=gnu11 -g3 -DDEBUG -DCORE_CM4 -DUSE_HAL_DRIVER -DSTM32WL55xx -c -I../../Core/Inc -I../../SubGHz_Phy/App -I../../SubGHz_Phy/Target -I../../Utilities/trace/adv_trace -I../../Drivers/STM32WLxx_HAL_Driver/Inc -I../../Drivers/STM32WLxx_HAL_Driver/Inc/Legacy -I../../Utilities/misc -I../../Utilities/sequencer -I../../Utilities/timer -I../../Utilities/lpm/tiny_lpm -I../../Middlewares/Third_Party/SubGHz_Phy -I../../Middlewares/Third_Party/SubGHz_Phy/stm32_radio_driver -I../../Drivers/CMSIS/Device/ST/STM32WLxx/Include -I../../Drivers/CMSIS/Include -I../../Drivers/BSP/STM32WLxx_Nucleo -Og -ffunction-sections -fdata-sections -Wall -fstack-usage -MMD -MP -MF"Drivers/STM32WLxx_HAL_Driver/stm32wlxx_hal_gpio.d" -MT"Drivers/STM32WLxx_HAL_Driver/stm32wlxx_hal_gpio.o" --specs=nano.specs -mfloat-abi=soft -mthumb -o "Drivers/STM32WLxx_HAL_Driver/stm32wlxx_hal_gpio.o"
arm-none-eabi-gcc "C:/Users/MADOR - T/STM32Cube/Example/SubGHz_Phy_PingPong/Drivers/STM32WLxx_HAL_Driver/Src/stm32wlxx_hal_pwr.c" -mcpu=cortex-m4 -std=gnu11 -g3 -DDEBUG -DCORE_CM4 -DUSE_HAL_DRIVER -DSTM32WL55xx -c -I../../Core/Inc -I../../SubGHz_Phy/App -I../../SubGHz_Phy/Target -I../../Utilities/trace/adv_trace -I../../Drivers/STM32WLxx_HAL_Driver/Inc -I../../Drivers/STM32WLxx_HAL_Driver/Inc/Legacy -I../../Utilities/misc -I../../Utilities/sequencer -I../../Utilities/timer -I../../Utilities/lpm/tiny_lpm -I../../Middlewares/Third_Party/SubGHz_Phy -I../../Middlewares/Third_Party/SubGHz_Phy/stm32_radio_driver -I../../Drivers/CMSIS/Device/ST/STM32WLxx/Include -I../../Drivers/CMSIS/Include -I../../Drivers/BSP/STM32WLxx_Nucleo -Og -ffunction-sections -fdata-sections -Wall -fstack-usage -MMD -MP -MF"Drivers/STM32WLxx_HAL_Driver/stm32wlxx_hal_pwr.d" -MT"Drivers/STM32WLxx_HAL_Driver/stm32wlxx_hal_pwr.o" --specs=nano.specs -mfloat-abi=soft -mthumb -o "Drivers/STM32WLxx_HAL_Driver/stm32wlxx_hal_pwr.o"
arm-none-eabi-gcc "C:/Users/MADOR - T/STM32Cube/Example/SubGHz_Phy_PingPong/Drivers/STM32WLxx_HAL_Driver/Src/stm32wlxx_hal_pwr_ex.c" -mcpu=cortex-m4 -std=gnu11 -g3 -DDEBUG -DCORE_CM4 -DUSE_HAL_DRIVER -DSTM32WL55xx -c -I../../Core/Inc -I../../SubGHz_Phy/App -I../../SubGHz_Phy/Target -I../../Utilities/trace/adv_trace -I../../Drivers/STM32WLxx_HAL_Driver/Inc -I../../Drivers/STM32WLxx_HAL_Driver/Inc/Legacy -I../../Utilities/misc -I../../Utilities/sequencer -I../../Utilities/timer -I../../Utilities/lpm/tiny_lpm -I../../Middlewares/Third_Party/SubGHz_Phy -I../../Middlewares/Third_Party/SubGHz_Phy/stm32_radio_driver -I../../Drivers/CMSIS/Device/ST/STM32WLxx/Include -I../../Drivers/CMSIS/Include -I../../Drivers/BSP/STM32WLxx_Nucleo -Og -ffunction-sections -fdata-sections -Wall -fstack-usage -MMD -MP -MF"Drivers/STM32WLxx_HAL_Driver/stm32wlxx_hal_pwr_ex.d" -MT"Drivers/STM32WLxx_HAL_Driver/stm32wlxx_hal_pwr_ex.o" --specs=nano.specs -mfloat-abi=soft -mthumb -o "Drivers/STM32WLxx_HAL_Driver/stm32wlxx_hal_pwr_ex.o"
arm-none-eabi-gcc "C:/Users/MADOR - T/STM32Cube/Example/SubGHz_Phy_PingPong/Drivers/STM32WLxx_HAL_Driver/Src/stm32wlxx_hal_rcc.c" -mcpu=cortex-m4 -std=gnu11 -g3 -DDEBUG -DCORE_CM4 -DUSE_HAL_DRIVER -DSTM32WL55xx -c -I../../Core/Inc -I../../SubGHz_Phy/App -I../../SubGHz_Phy/Target -I../../Utilities/trace/adv_trace -I../../Drivers/STM32WLxx_HAL_Driver/Inc -I../../Drivers/STM32WLxx_HAL_Driver/Inc/Legacy -I../../Utilities/misc -I../../Utilities/sequencer -I../../Utilities/timer -I../../Utilities/lpm/tiny_lpm -I../../Middlewares/Third_Party/SubGHz_Phy -I../../Middlewares/Third_Party/SubGHz_Phy/stm32_radio_driver -I../../Drivers/CMSIS/Device/ST/STM32WLxx/Include -I../../Drivers/CMSIS/Include -I../../Drivers/BSP/STM32WLxx_Nucleo -Og -ffunction-sections -fdata-sections -Wall -fstack-usage -MMD -MP -MF"Drivers/STM32WLxx_HAL_Driver/stm32wlxx_hal_rcc.d" -MT"Drivers/STM32WLxx_HAL_Driver/stm32wlxx_hal_rcc.o" --specs=nano.specs -mfloat-abi=soft -mthumb -o "Drivers/STM32WLxx_HAL_Driver/stm32wlxx_hal_rcc.o"
arm-none-eabi-gcc "C:/Users/MADOR - T/STM32Cube/Example/SubGHz_Phy_PingPong/Drivers/STM32WLxx_HAL_Driver/Src/stm32wlxx_hal_rcc_ex.c" -mcpu=cortex-m4 -std=gnu11 -g3 -DDEBUG -DCORE_CM4 -DUSE_HAL_DRIVER -DSTM32WL55xx -c -I../../Core/Inc -I../../SubGHz_Phy/App -I../../SubGHz_Phy/Target -I../../Utilities/trace/adv_trace -I../../Drivers/STM32WLxx_HAL_Driver/Inc -I../../Drivers/STM32WLxx_HAL_Driver/Inc/Legacy -I../../Utilities/misc -I../../Utilities/sequencer -I../../Utilities/timer -I../../Utilities/lpm/tiny_lpm -I../../Middlewares/Third_Party/SubGHz_Phy -I../../Middlewares/Third_Party/SubGHz_Phy/stm32_radio_driver -I../../Drivers/CMSIS/Device/ST/STM32WLxx/Include -I../../Drivers/CMSIS/Include -I../../Drivers/BSP/STM32WLxx_Nucleo -Og -ffunction-sections -fdata-sections -Wall -fstack-usage -MMD -MP -MF"Drivers/STM32WLxx_HAL_Driver/stm32wlxx_hal_rcc_ex.d" -MT"Drivers/STM32WLxx_HAL_Driver/stm32wlxx_hal_rcc_ex.o" --specs=nano.specs -mfloat-abi=soft -mthumb -o "Drivers/STM32WLxx_HAL_Driver/stm32wlxx_hal_rcc_ex.o"
arm-none-eabi-gcc "C:/Users/MADOR - T/STM32Cube/Example/SubGHz_Phy_PingPong/Drivers/STM32WLxx_HAL_Driver/Src/stm32wlxx_hal_rtc.c" -mcpu=cortex-m4 -std=gnu11 -g3 -DDEBUG -DCORE_CM4 -DUSE_HAL_DRIVER -DSTM32WL55xx -c -I../../Core/Inc -I../../SubGHz_Phy/App -I../../SubGHz_Phy/Target -I../../Utilities/trace/adv_trace -I../../Drivers/STM32WLxx_HAL_Driver/Inc -I../../Drivers/STM32WLxx_HAL_Driver/Inc/Legacy -I../../Utilities/misc -I../../Utilities/sequencer -I../../Utilities/timer -I../../Utilities/lpm/tiny_lpm -I../../Middlewares/Third_Party/SubGHz_Phy -I../../Middlewares/Third_Party/SubGHz_Phy/stm32_radio_driver -I../../Drivers/CMSIS/Device/ST/STM32WLxx/Include -I../../Drivers/CMSIS/Include -I../../Drivers/BSP/STM32WLxx_Nucleo -Og -ffunction-sections -fdata-sections -Wall -fstack-usage -MMD -MP -MF"Drivers/STM32WLxx_HAL_Driver/stm32wlxx_hal_rtc.d" -MT"Drivers/STM32WLxx_HAL_Driver/stm32wlxx_hal_rtc.o" --specs=nano.specs -mfloat-abi=soft -mthumb -o "Drivers/STM32WLxx_HAL_Driver/stm32wlxx_hal_rtc.o"
arm-none-eabi-gcc "C:/Users/MADOR - T/STM32Cube/Example/SubGHz_Phy_PingPong/Drivers/STM32WLxx_HAL_Driver/Src/stm32wlxx_hal_rtc_ex.c" -mcpu=cortex-m4 -std=gnu11 -g3 -DDEBUG -DCORE_CM4 -DUSE_HAL_DRIVER -DSTM32WL55xx -c -I../../Core/Inc -I../../SubGHz_Phy/App -I../../SubGHz_Phy/Target -I../../Utilities/trace/adv_trace -I../../Drivers/STM32WLxx_HAL_Driver/Inc -I../../Drivers/STM32WLxx_HAL_Driver/Inc/Legacy -I../../Utilities/misc -I../../Utilities/sequencer -I../../Utilities/timer -I../../Utilities/lpm/tiny_lpm -I../../Middlewares/Third_Party/SubGHz_Phy -I../../Middlewares/Third_Party/SubGHz_Phy/stm32_radio_driver -I../../Drivers/CMSIS/Device/ST/STM32WLxx/Include -I../../Drivers/CMSIS/Include -I../../Drivers/BSP/STM32WLxx_Nucleo -Og -ffunction-sections -fdata-sections -Wall -fstack-usage -MMD -MP -MF"Drivers/STM32WLxx_HAL_Driver/stm32wlxx_hal_rtc_ex.d" -MT"Drivers/STM32WLxx_HAL_Driver/stm32wlxx_hal_rtc_ex.o" --specs=nano.specs -mfloat-abi=soft -mthumb -o "Drivers/STM32WLxx_HAL_Driver/stm32wlxx_hal_rtc_ex.o"
arm-none-eabi-gcc "C:/Users/MADOR - T/STM32Cube/Example/SubGHz_Phy_PingPong/Drivers/STM32WLxx_HAL_Driver/Src/stm32wlxx_hal_subghz.c" -mcpu=cortex-m4 -std=gnu11 -g3 -DDEBUG -DCORE_CM4 -DUSE_HAL_DRIVER -DSTM32WL55xx -c -I../../Core/Inc -I../../SubGHz_Phy/App -I../../SubGHz_Phy/Target -I../../Utilities/trace/adv_trace -I../../Drivers/STM32WLxx_HAL_Driver/Inc -I../../Drivers/STM32WLxx_HAL_Driver/Inc/Legacy -I../../Utilities/misc -I../../Utilities/sequencer -I../../Utilities/timer -I../../Utilities/lpm/tiny_lpm -I../../Middlewares/Third_Party/SubGHz_Phy -I../../Middlewares/Third_Party/SubGHz_Phy/stm32_radio_driver -I../../Drivers/CMSIS/Device/ST/STM32WLxx/Include -I../../Drivers/CMSIS/Include -I../../Drivers/BSP/STM32WLxx_Nucleo -Og -ffunction-sections -fdata-sections -Wall -fstack-usage -MMD -MP -MF"Drivers/STM32WLxx_HAL_Driver/stm32wlxx_hal_subghz.d" -MT"Drivers/STM32WLxx_HAL_Driver/stm32wlxx_hal_subghz.o" --specs=nano.specs -mfloat-abi=soft -mthumb -o "Drivers/STM32WLxx_HAL_Driver/stm32wlxx_hal_subghz.o"
arm-none-eabi-gcc "C:/Users/MADOR - T/STM32Cube/Example/SubGHz_Phy_PingPong/Drivers/STM32WLxx_HAL_Driver/Src/stm32wlxx_hal_tim.c" -mcpu=cortex-m4 -std=gnu11 -g3 -DDEBUG -DCORE_CM4 -DUSE_HAL_DRIVER -DSTM32WL55xx -c -I../../Core/Inc -I../../SubGHz_Phy/App -I../../SubGHz_Phy/Target -I../../Utilities/trace/adv_trace -I../../Drivers/STM32WLxx_HAL_Driver/Inc -I../../Drivers/STM32WLxx_HAL_Driver/Inc/Legacy -I../../Utilities/misc -I../../Utilities/sequencer -I../../Utilities/timer -I../../Utilities/lpm/tiny_lpm -I../../Middlewares/Third_Party/SubGHz_Phy -I../../Middlewares/Third_Party/SubGHz_Phy/stm32_radio_driver -I../../Drivers/CMSIS/Device/ST/STM32WLxx/Include -I../../Drivers/CMSIS/Include -I../../Drivers/BSP/STM32WLxx_Nucleo -Og -ffunction-sections -fdata-sections -Wall -fstack-usage -MMD -MP -MF"Drivers/STM32WLxx_HAL_Driver/stm32wlxx_hal_tim.d" -MT"Drivers/STM32WLxx_HAL_Driver/stm32wlxx_hal_tim.o" --specs=nano.specs -mfloat-abi=soft -mthumb -o "Drivers/STM32WLxx_HAL_Driver/stm32wlxx_hal_tim.o"
arm-none-eabi-gcc "C:/Users/MADOR - T/STM32Cube/Example/SubGHz_Phy_PingPong/Drivers/STM32WLxx_HAL_Driver/Src/stm32wlxx_hal_tim_ex.c" -mcpu=cortex-m4 -std=gnu11 -g3 -DDEBUG -DCORE_CM4 -DUSE_HAL_DRIVER -DSTM32WL55xx -c -I../../Core/Inc -I../../SubGHz_Phy/App -I../../SubGHz_Phy/Target -I../../Utilities/trace/adv_trace -I../../Drivers/STM32WLxx_HAL_Driver/Inc -I../../Drivers/STM32WLxx_HAL_Driver/Inc/Legacy -I../../Utilities/misc -I../../Utilities/sequencer -I../../Utilities/timer -I../../Utilities/lpm/tiny_lpm -I../../Middlewares/Third_Party/SubGHz_Phy -I../../Middlewares/Third_Party/SubGHz_Phy/stm32_radio_driver -I../../Drivers/CMSIS/Device/ST/STM32WLxx/Include -I../../Drivers/CMSIS/Include -I../../Drivers/BSP/STM32WLxx_Nucleo -Og -ffunction-sections -fdata-sections -Wall -fstack-usage -MMD -MP -MF"Drivers/STM32WLxx_HAL_Driver/stm32wlxx_hal_tim_ex.d" -MT"Drivers/STM32WLxx_HAL_Driver/stm32wlxx_hal_tim_ex.o" --specs=nano.specs -mfloat-abi=soft -mthumb -o "Drivers/STM32WLxx_HAL_Driver/stm32wlxx_hal_tim_ex.o"
arm-none-eabi-gcc "C:/Users/MADOR - T/STM32Cube/Example/SubGHz_Phy_PingPong/Drivers/STM32WLxx_HAL_Driver/Src/stm32wlxx_hal_uart.c" -mcpu=cortex-m4 -std=gnu11 -g3 -DDEBUG -DCORE_CM4 -DUSE_HAL_DRIVER -DSTM32WL55xx -c -I../../Core/Inc -I../../SubGHz_Phy/App -I../../SubGHz_Phy/Target -I../../Utilities/trace/adv_trace -I../../Drivers/STM32WLxx_HAL_Driver/Inc -I../../Drivers/STM32WLxx_HAL_Driver/Inc/Legacy -I../../Utilities/misc -I../../Utilities/sequencer -I../../Utilities/timer -I../../Utilities/lpm/tiny_lpm -I../../Middlewares/Third_Party/SubGHz_Phy -I../../Middlewares/Third_Party/SubGHz_Phy/stm32_radio_driver -I../../Drivers/CMSIS/Device/ST/STM32WLxx/Include -I../../Drivers/CMSIS/Include -I../../Drivers/BSP/STM32WLxx_Nucleo -Og -ffunction-sections -fdata-sections -Wall -fstack-usage -MMD -MP -MF"Drivers/STM32WLxx_HAL_Driver/stm32wlxx_hal_uart.d" -MT"Drivers/STM32WLxx_HAL_Driver/stm32wlxx_hal_uart.o" --specs=nano.specs -mfloat-abi=soft -mthumb -o "Drivers/STM32WLxx_HAL_Driver/stm32wlxx_hal_uart.o"
arm-none-eabi-gcc "C:/Users/MADOR - T/STM32Cube/Example/SubGHz_Phy_PingPong/Drivers/STM32WLxx_HAL_Driver/Src/stm32wlxx_hal_uart_ex.c" -mcpu=cortex-m4 -std=gnu11 -g3 -DDEBUG -DCORE_CM4 -DUSE_HAL_DRIVER -DSTM32WL55xx -c -I../../Core/Inc -I../../SubGHz_Phy/App -I../../SubGHz_Phy/Target -I../../Utilities/trace/adv_trace -I../../Drivers/STM32WLxx_HAL_Driver/Inc -I../../Drivers/STM32WLxx_HAL_Driver/Inc/Legacy -I../../Utilities/misc -I../../Utilities/sequencer -I../../Utilities/timer -I../../Utilities/lpm/tiny_lpm -I../../Middlewares/Third_Party/SubGHz_Phy -I../../Middlewares/Third_Party/SubGHz_Phy/stm32_radio_driver -I../../Drivers/CMSIS/Device/ST/STM32WLxx/Include -I../../Drivers/CMSIS/Include -I../../Drivers/BSP/STM32WLxx_Nucleo -Og -ffunction-sections -fdata-sections -Wall -fstack-usage -MMD -MP -MF"Drivers/STM32WLxx_HAL_Driver/stm32wlxx_hal_uart_ex.d" -MT"Drivers/STM32WLxx_HAL_Driver/stm32wlxx_hal_uart_ex.o" --specs=nano.specs -mfloat-abi=soft -mthumb -o "Drivers/STM32WLxx_HAL_Driver/stm32wlxx_hal_uart_ex.o"
arm-none-eabi-gcc "C:/Users/MADOR - T/STM32Cube/Example/SubGHz_Phy_PingPong/Core/Src/system_stm32wlxx.c" -mcpu=cortex-m4 -std=gnu11 -g3 -DDEBUG -DCORE_CM4 -DUSE_HAL_DRIVER -DSTM32WL55xx -c -I../../Core/Inc -I../../SubGHz_Phy/App -I../../SubGHz_Phy/Target -I../../Utilities/trace/adv_trace -I../../Drivers/STM32WLxx_HAL_Driver/Inc -I../../Drivers/STM32WLxx_HAL_Driver/Inc/Legacy -I../../Utilities/misc -I../../Utilities/sequencer -I../../Utilities/timer -I../../Utilities/lpm/tiny_lpm -I../../Middlewares/Third_Party/SubGHz_Phy -I../../Middlewares/Third_Party/SubGHz_Phy/stm32_radio_driver -I../../Drivers/CMSIS/Device/ST/STM32WLxx/Include -I../../Drivers/CMSIS/Include -I../../Drivers/BSP/STM32WLxx_Nucleo -Og -ffunction-sections -fdata-sections -Wall -fstack-usage -MMD -MP -MF"Drivers/CMSIS/system_stm32wlxx.d" -MT"Drivers/CMSIS/system_stm32wlxx.o" --specs=nano.specs -mfloat-abi=soft -mthumb -o "Drivers/CMSIS/system_stm32wlxx.o"
arm-none-eabi-gcc "C:/Users/MADOR - T/STM32Cube/Example/SubGHz_Phy_PingPong/Drivers/BSP/STM32WLxx_Nucleo/stm32wlxx_nucleo.c" -mcpu=cortex-m4 -std=gnu11 -g3 -DDEBUG -DCORE_CM4 -DUSE_HAL_DRIVER -DSTM32WL55xx -c -I../../Core/Inc -I../../SubGHz_Phy/App -I../../SubGHz_Phy/Target -I../../Utilities/trace/adv_trace -I../../Drivers/STM32WLxx_HAL_Driver/Inc -I../../Drivers/STM32WLxx_HAL_Driver/Inc/Legacy -I../../Utilities/misc -I../../Utilities/sequencer -I../../Utilities/timer -I../../Utilities/lpm/tiny_lpm -I../../Middlewares/Third_Party/SubGHz_Phy -I../../Middlewares/Third_Party/SubGHz_Phy/stm32_radio_driver -I../../Drivers/CMSIS/Device/ST/STM32WLxx/Include -I../../Drivers/CMSIS/Include -I../../Drivers/BSP/STM32WLxx_Nucleo -Og -ffunction-sections -fdata-sections -Wall -fstack-usage -MMD -MP -MF"Drivers/BSP/STM32WLxx_Nucleo/stm32wlxx_nucleo.d" -MT"Drivers/BSP/STM32WLxx_Nucleo/stm32wlxx_nucleo.o" --specs=nano.specs -mfloat-abi=soft -mthumb -o "Drivers/BSP/STM32WLxx_Nucleo/stm32wlxx_nucleo.o"
arm-none-eabi-gcc "C:/Users/MADOR - T/STM32Cube/Example/SubGHz_Phy_PingPong/Drivers/BSP/STM32WLxx_Nucleo/stm32wlxx_nucleo_radio.c" -mcpu=cortex-m4 -std=gnu11 -g3 -DDEBUG -DCORE_CM4 -DUSE_HAL_DRIVER -DSTM32WL55xx -c -I../../Core/Inc -I../../SubGHz_Phy/App -I../../SubGHz_Phy/Target -I../../Utilities/trace/adv_trace -I../../Drivers/STM32WLxx_HAL_Driver/Inc -I../../Drivers/STM32WLxx_HAL_Driver/Inc/Legacy -I../../Utilities/misc -I../../Utilities/sequencer -I../../Utilities/timer -I../../Utilities/lpm/tiny_lpm -I../../Middlewares/Third_Party/SubGHz_Phy -I../../Middlewares/Third_Party/SubGHz_Phy/stm32_radio_driver -I../../Drivers/CMSIS/Device/ST/STM32WLxx/Include -I../../Drivers/CMSIS/Include -I../../Drivers/BSP/STM32WLxx_Nucleo -Og -ffunction-sections -fdata-sections -Wall -fstack-usage -MMD -MP -MF"Drivers/BSP/STM32WLxx_Nucleo/stm32wlxx_nucleo_radio.d" -MT"Drivers/BSP/STM32WLxx_Nucleo/stm32wlxx_nucleo_radio.o" --specs=nano.specs -mfloat-abi=soft -mthumb -o "Drivers/BSP/STM32WLxx_Nucleo/stm32wlxx_nucleo_radio.o"
arm-none-eabi-gcc "C:/Users/MADOR - T/STM32Cube/Example/SubGHz_Phy_PingPong/SubGHz_Phy/Target/radio_board_if.c" -mcpu=cortex-m4 -std=gnu11 -g3 -DDEBUG -DCORE_CM4 -DUSE_HAL_DRIVER -DSTM32WL55xx -c -I../../Core/Inc -I../../SubGHz_Phy/App -I../../SubGHz_Phy/Target -I../../Utilities/trace/adv_trace -I../../Drivers/STM32WLxx_HAL_Driver/Inc -I../../Drivers/STM32WLxx_HAL_Driver/Inc/Legacy -I../../Utilities/misc -I../../Utilities/sequencer -I../../Utilities/timer -I../../Utilities/lpm/tiny_lpm -I../../Middlewares/Third_Party/SubGHz_Phy -I../../Middlewares/Third_Party/SubGHz_Phy/stm32_radio_driver -I../../Drivers/CMSIS/Device/ST/STM32WLxx/Include -I../../Drivers/CMSIS/Include -I../../Drivers/BSP/STM32WLxx_Nucleo -Og -ffunction-sections -fdata-sections -Wall -fstack-usage -MMD -MP -MF"Application/User/SubGHz_Phy/Target/radio_board_if.d" -MT"Application/User/SubGHz_Phy/Target/radio_board_if.o" --specs=nano.specs -mfloat-abi=soft -mthumb -o "Application/User/SubGHz_Phy/Target/radio_board_if.o"
arm-none-eabi-gcc "C:/Users/MADOR - T/STM32Cube/Example/SubGHz_Phy_PingPong/SubGHz_Phy/App/app_subghz_phy.c" -mcpu=cortex-m4 -std=gnu11 -g3 -DDEBUG -DCORE_CM4 -DUSE_HAL_DRIVER -DSTM32WL55xx -c -I../../Core/Inc -I../../SubGHz_Phy/App -I../../SubGHz_Phy/Target -I../../Utilities/trace/adv_trace -I../../Drivers/STM32WLxx_HAL_Driver/Inc -I../../Drivers/STM32WLxx_HAL_Driver/Inc/Legacy -I../../Utilities/misc -I../../Utilities/sequencer -I../../Utilities/timer -I../../Utilities/lpm/tiny_lpm -I../../Middlewares/Third_Party/SubGHz_Phy -I../../Middlewares/Third_Party/SubGHz_Phy/stm32_radio_driver -I../../Drivers/CMSIS/Device/ST/STM32WLxx/Include -I../../Drivers/CMSIS/Include -I../../Drivers/BSP/STM32WLxx_Nucleo -Og -ffunction-sections -fdata-sections -Wall -fstack-usage -MMD -MP -MF"Application/User/SubGHz_Phy/App/app_subghz_phy.d" -MT"Application/User/SubGHz_Phy/App/app_subghz_phy.o" --specs=nano.specs -mfloat-abi=soft -mthumb -o "Application/User/SubGHz_Phy/App/app_subghz_phy.o"
arm-none-eabi-gcc "C:/Users/MADOR - T/STM32Cube/Example/SubGHz_Phy_PingPong/SubGHz_Phy/App/subghz_phy_app.c" -mcpu=cortex-m4 -std=gnu11 -g3 -DDEBUG -DCORE_CM4 -DUSE_HAL_DRIVER -DSTM32WL55xx -c -I../../Core/Inc -I../../SubGHz_Phy/App -I../../SubGHz_Phy/Target -I../../Utilities/trace/adv_trace -I../../Drivers/STM32WLxx_HAL_Driver/Inc -I../../Drivers/STM32WLxx_HAL_Driver/Inc/Legacy -I../../Utilities/misc -I../../Utilities/sequencer -I../../Utilities/timer -I../../Utilities/lpm/tiny_lpm -I../../Middlewares/Third_Party/SubGHz_Phy -I../../Middlewares/Third_Party/SubGHz_Phy/stm32_radio_driver -I../../Drivers/CMSIS/Device/ST/STM32WLxx/Include -I../../Drivers/CMSIS/Include -I../../Drivers/BSP/STM32WLxx_Nucleo -Og -ffunction-sections -fdata-sections -Wall -fstack-usage -MMD -MP -MF"Application/User/SubGHz_Phy/App/subghz_phy_app.d" -MT"Application/User/SubGHz_Phy/App/subghz_phy_app.o" --specs=nano.specs -mfloat-abi=soft -mthumb -o "Application/User/SubGHz_Phy/App/subghz_phy_app.o"
arm-none-eabi-gcc -mcpu=cortex-m4 -g3 -DDEBUG -c -x assembler-with-cpp -MMD -MP -MF"Application/User/Startup/startup_stm32wl55jcix.d" -MT"Application/User/Startup/startup_stm32wl55jcix.o" --specs=nano.specs -mfloat-abi=soft -mthumb -o "Application/User/Startup/startup_stm32wl55jcix.o" "../Application/User/Startup/startup_stm32wl55jcix.s"
arm-none-eabi-gcc "C:/Users/MADOR - T/STM32Cube/Example/SubGHz_Phy_PingPong/Core/Src/dma.c" -mcpu=cortex-m4 -std=gnu11 -g3 -DDEBUG -DCORE_CM4 -DUSE_HAL_DRIVER -DSTM32WL55xx -c -I../../Core/Inc -I../../SubGHz_Phy/App -I../../SubGHz_Phy/Target -I../../Utilities/trace/adv_trace -I../../Drivers/STM32WLxx_HAL_Driver/Inc -I../../Drivers/STM32WLxx_HAL_Driver/Inc/Legacy -I../../Utilities/misc -I../../Utilities/sequencer -I../../Utilities/timer -I../../Utilities/lpm/tiny_lpm -I../../Middlewares/Third_Party/SubGHz_Phy -I../../Middlewares/Third_Party/SubGHz_Phy/stm32_radio_driver -I../../Drivers/CMSIS/Device/ST/STM32WLxx/Include -I../../Drivers/CMSIS/Include -I../../Drivers/BSP/STM32WLxx_Nucleo -Og -ffunction-sections -fdata-sections -Wall -fstack-usage -MMD -MP -MF"Application/User/Core/dma.d" -MT"Application/User/Core/dma.o" --specs=nano.specs -mfloat-abi=soft -mthumb -o "Application/User/Core/dma.o"
arm-none-eabi-gcc "C:/Users/MADOR - T/STM32Cube/Example/SubGHz_Phy_PingPong/Core/Src/gpio.c" -mcpu=cortex-m4 -std=gnu11 -g3 -DDEBUG -DCORE_CM4 -DUSE_HAL_DRIVER -DSTM32WL55xx -c -I../../Core/Inc -I../../SubGHz_Phy/App -I../../SubGHz_Phy/Target -I../../Utilities/trace/adv_trace -I../../Drivers/STM32WLxx_HAL_Driver/Inc -I../../Drivers/STM32WLxx_HAL_Driver/Inc/Legacy -I../../Utilities/misc -I../../Utilities/sequencer -I../../Utilities/timer -I../../Utilities/lpm/tiny_lpm -I../../Middlewares/Third_Party/SubGHz_Phy -I../../Middlewares/Third_Party/SubGHz_Phy/stm32_radio_driver -I../../Drivers/CMSIS/Device/ST/STM32WLxx/Include -I../../Drivers/CMSIS/Include -I../../Drivers/BSP/STM32WLxx_Nucleo -Og -ffunction-sections -fdata-sections -Wall -fstack-usage -MMD -MP -MF"Application/User/Core/gpio.d" -MT"Application/User/Core/gpio.o" --specs=nano.specs -mfloat-abi=soft -mthumb -o "Application/User/Core/gpio.o"
arm-none-eabi-gcc "C:/Users/MADOR - T/STM32Cube/Example/SubGHz_Phy_PingPong/Core/Src/main.c" -mcpu=cortex-m4 -std=gnu11 -g3 -DDEBUG -DCORE_CM4 -DUSE_HAL_DRIVER -DSTM32WL55xx -c -I../../Core/Inc -I../../SubGHz_Phy/App -I../../SubGHz_Phy/Target -I../../Utilities/trace/adv_trace -I../../Drivers/STM32WLxx_HAL_Driver/Inc -I../../Drivers/STM32WLxx_HAL_Driver/Inc/Legacy -I../../Utilities/misc -I../../Utilities/sequencer -I../../Utilities/timer -I../../Utilities/lpm/tiny_lpm -I../../Middlewares/Third_Party/SubGHz_Phy -I../../Middlewares/Third_Party/SubGHz_Phy/stm32_radio_driver -I../../Drivers/CMSIS/Device/ST/STM32WLxx/Include -I../../Drivers/CMSIS/Include -I../../Drivers/BSP/STM32WLxx_Nucleo -Og -ffunction-sections -fdata-sections -Wall -fstack-usage -MMD -MP -MF"Application/User/Core/main.d" -MT"Application/User/Core/main.o" --specs=nano.specs -mfloat-abi=soft -mthumb -o "Application/User/Core/main.o"
arm-none-eabi-gcc "C:/Users/MADOR - T/STM32Cube/Example/SubGHz_Phy_PingPong/Core/Src/rtc.c" -mcpu=cortex-m4 -std=gnu11 -g3 -DDEBUG -DCORE_CM4 -DUSE_HAL_DRIVER -DSTM32WL55xx -c -I../../Core/Inc -I../../SubGHz_Phy/App -I../../SubGHz_Phy/Target -I../../Utilities/trace/adv_trace -I../../Drivers/STM32WLxx_HAL_Driver/Inc -I../../Drivers/STM32WLxx_HAL_Driver/Inc/Legacy -I../../Utilities/misc -I../../Utilities/sequencer -I../../Utilities/timer -I../../Utilities/lpm/tiny_lpm -I../../Middlewares/Third_Party/SubGHz_Phy -I../../Middlewares/Third_Party/SubGHz_Phy/stm32_radio_driver -I../../Drivers/CMSIS/Device/ST/STM32WLxx/Include -I../../Drivers/CMSIS/Include -I../../Drivers/BSP/STM32WLxx_Nucleo -Og -ffunction-sections -fdata-sections -Wall -fstack-usage -MMD -MP -MF"Application/User/Core/rtc.d" -MT"Application/User/Core/rtc.o" --specs=nano.specs -mfloat-abi=soft -mthumb -o "Application/User/Core/rtc.o"
arm-none-eabi-gcc "C:/Users/MADOR - T/STM32Cube/Example/SubGHz_Phy_PingPong/Core/Src/stm32_lpm_if.c" -mcpu=cortex-m4 -std=gnu11 -g3 -DDEBUG -DCORE_CM4 -DUSE_HAL_DRIVER -DSTM32WL55xx -c -I../../Core/Inc -I../../SubGHz_Phy/App -I../../SubGHz_Phy/Target -I../../Utilities/trace/adv_trace -I../../Drivers/STM32WLxx_HAL_Driver/Inc -I../../Drivers/STM32WLxx_HAL_Driver/Inc/Legacy -I../../Utilities/misc -I../../Utilities/sequencer -I../../Utilities/timer -I../../Utilities/lpm/tiny_lpm -I../../Middlewares/Third_Party/SubGHz_Phy -I../../Middlewares/Third_Party/SubGHz_Phy/stm32_radio_driver -I../../Drivers/CMSIS/Device/ST/STM32WLxx/Include -I../../Drivers/CMSIS/Include -I../../Drivers/BSP/STM32WLxx_Nucleo -Og -ffunction-sections -fdata-sections -Wall -fstack-usage -MMD -MP -MF"Application/User/Core/stm32_lpm_if.d" -MT"Application/User/Core/stm32_lpm_if.o" --specs=nano.specs -mfloat-abi=soft -mthumb -o "Application/User/Core/stm32_lpm_if.o"
arm-none-eabi-gcc "C:/Users/MADOR - T/STM32Cube/Example/SubGHz_Phy_PingPong/Core/Src/stm32wlxx_hal_msp.c" -mcpu=cortex-m4 -std=gnu11 -g3 -DDEBUG -DCORE_CM4 -DUSE_HAL_DRIVER -DSTM32WL55xx -c -I../../Core/Inc -I../../SubGHz_Phy/App -I../../SubGHz_Phy/Target -I../../Utilities/trace/adv_trace -I../../Drivers/STM32WLxx_HAL_Driver/Inc -I../../Drivers/STM32WLxx_HAL_Driver/Inc/Legacy -I../../Utilities/misc -I../../Utilities/sequencer -I../../Utilities/timer -I../../Utilities/lpm/tiny_lpm -I../../Middlewares/Third_Party/SubGHz_Phy -I../../Middlewares/Third_Party/SubGHz_Phy/stm32_radio_driver -I../../Drivers/CMSIS/Device/ST/STM32WLxx/Include -I../../Drivers/CMSIS/Include -I../../Drivers/BSP/STM32WLxx_Nucleo -Og -ffunction-sections -fdata-sections -Wall -fstack-usage -MMD -MP -MF"Application/User/Core/stm32wlxx_hal_msp.d" -MT"Application/User/Core/stm32wlxx_hal_msp.o" --specs=nano.specs -mfloat-abi=soft -mthumb -o "Application/User/Core/stm32wlxx_hal_msp.o"
arm-none-eabi-gcc "C:/Users/MADOR - T/STM32Cube/Example/SubGHz_Phy_PingPong/Core/Src/stm32wlxx_it.c" -mcpu=cortex-m4 -std=gnu11 -g3 -DDEBUG -DCORE_CM4 -DUSE_HAL_DRIVER -DSTM32WL55xx -c -I../../Core/Inc -I../../SubGHz_Phy/App -I../../SubGHz_Phy/Target -I../../Utilities/trace/adv_trace -I../../Drivers/STM32WLxx_HAL_Driver/Inc -I../../Drivers/STM32WLxx_HAL_Driver/Inc/Legacy -I../../Utilities/misc -I../../Utilities/sequencer -I../../Utilities/timer -I../../Utilities/lpm/tiny_lpm -I../../Middlewares/Third_Party/SubGHz_Phy -I../../Middlewares/Third_Party/SubGHz_Phy/stm32_radio_driver -I../../Drivers/CMSIS/Device/ST/STM32WLxx/Include -I../../Drivers/CMSIS/Include -I../../Drivers/BSP/STM32WLxx_Nucleo -Og -ffunction-sections -fdata-sections -Wall -fstack-usage -MMD -MP -MF"Application/User/Core/stm32wlxx_it.d" -MT"Application/User/Core/stm32wlxx_it.o" --specs=nano.specs -mfloat-abi=soft -mthumb -o "Application/User/Core/stm32wlxx_it.o"
arm-none-eabi-gcc "C:/Users/MADOR - T/STM32Cube/Example/SubGHz_Phy_PingPong/Core/Src/subghz.c" -mcpu=cortex-m4 -std=gnu11 -g3 -DDEBUG -DCORE_CM4 -DUSE_HAL_DRIVER -DSTM32WL55xx -c -I../../Core/Inc -I../../SubGHz_Phy/App -I../../SubGHz_Phy/Target -I../../Utilities/trace/adv_trace -I../../Drivers/STM32WLxx_HAL_Driver/Inc -I../../Drivers/STM32WLxx_HAL_Driver/Inc/Legacy -I../../Utilities/misc -I../../Utilities/sequencer -I../../Utilities/timer -I../../Utilities/lpm/tiny_lpm -I../../Middlewares/Third_Party/SubGHz_Phy -I../../Middlewares/Third_Party/SubGHz_Phy/stm32_radio_driver -I../../Drivers/CMSIS/Device/ST/STM32WLxx/Include -I../../Drivers/CMSIS/Include -I../../Drivers/BSP/STM32WLxx_Nucleo -Og -ffunction-sections -fdata-sections -Wall -fstack-usage -MMD -MP -MF"Application/User/Core/subghz.d" -MT"Application/User/Core/subghz.o" --specs=nano.specs -mfloat-abi=soft -mthumb -o "Application/User/Core/subghz.o"
arm-none-eabi-gcc "C:/Users/MADOR - T/STM32Cube/Example/SubGHz_Phy_PingPong/Core/Src/sys_app.c" -mcpu=cortex-m4 -std=gnu11 -g3 -DDEBUG -DCORE_CM4 -DUSE_HAL_DRIVER -DSTM32WL55xx -c -I../../Core/Inc -I../../SubGHz_Phy/App -I../../SubGHz_Phy/Target -I../../Utilities/trace/adv_trace -I../../Drivers/STM32WLxx_HAL_Driver/Inc -I../../Drivers/STM32WLxx_HAL_Driver/Inc/Legacy -I../../Utilities/misc -I../../Utilities/sequencer -I../../Utilities/timer -I../../Utilities/lpm/tiny_lpm -I../../Middlewares/Third_Party/SubGHz_Phy -I../../Middlewares/Third_Party/SubGHz_Phy/stm32_radio_driver -I../../Drivers/CMSIS/Device/ST/STM32WLxx/Include -I../../Drivers/CMSIS/Include -I../../Drivers/BSP/STM32WLxx_Nucleo -Og -ffunction-sections -fdata-sections -Wall -fstack-usage -MMD -MP -MF"Application/User/Core/sys_app.d" -MT"Application/User/Core/sys_app.o" --specs=nano.specs -mfloat-abi=soft -mthumb -o "Application/User/Core/sys_app.o"
arm-none-eabi-gcc "C:/Users/MADOR - T/STM32Cube/Example/SubGHz_Phy_PingPong/Core/Src/sys_debug.c" -mcpu=cortex-m4 -std=gnu11 -g3 -DDEBUG -DCORE_CM4 -DUSE_HAL_DRIVER -DSTM32WL55xx -c -I../../Core/Inc -I../../SubGHz_Phy/App -I../../SubGHz_Phy/Target -I../../Utilities/trace/adv_trace -I../../Drivers/STM32WLxx_HAL_Driver/Inc -I../../Drivers/STM32WLxx_HAL_Driver/Inc/Legacy -I../../Utilities/misc -I../../Utilities/sequencer -I../../Utilities/timer -I../../Utilities/lpm/tiny_lpm -I../../Middlewares/Third_Party/SubGHz_Phy -I../../Middlewares/Third_Party/SubGHz_Phy/stm32_radio_driver -I../../Drivers/CMSIS/Device/ST/STM32WLxx/Include -I../../Drivers/CMSIS/Include -I../../Drivers/BSP/STM32WLxx_Nucleo -Og -ffunction-sections -fdata-sections -Wall -fstack-usage -MMD -MP -MF"Application/User/Core/sys_debug.d" -MT"Application/User/Core/sys_debug.o" --specs=nano.specs -mfloat-abi=soft -mthumb -o "Application/User/Core/sys_debug.o"
arm-none-eabi-gcc "../Application/User/Core/syscalls.c" -mcpu=cortex-m4 -std=gnu11 -g3 -DDEBUG -DCORE_CM4 -DUSE_HAL_DRIVER -DSTM32WL55xx -c -I../../Core/Inc -I../../SubGHz_Phy/App -I../../SubGHz_Phy/Target -I../../Utilities/trace/adv_trace -I../../Drivers/STM32WLxx_HAL_Driver/Inc -I../../Drivers/STM32WLxx_HAL_Driver/Inc/Legacy -I../../Utilities/misc -I../../Utilities/sequencer -I../../Utilities/timer -I../../Utilities/lpm/tiny_lpm -I../../Middlewares/Third_Party/SubGHz_Phy -I../../Middlewares/Third_Party/SubGHz_Phy/stm32_radio_driver -I../../Drivers/CMSIS/Device/ST/STM32WLxx/Include -I../../Drivers/CMSIS/Include -I../../Drivers/BSP/STM32WLxx_Nucleo -Og -ffunction-sections -fdata-sections -Wall -fstack-usage -MMD -MP -MF"Application/User/Core/syscalls.d" -MT"Application/User/Core/syscalls.o" --specs=nano.specs -mfloat-abi=soft -mthumb -o "Application/User/Core/syscalls.o"
arm-none-eabi-gcc "../Application/User/Core/sysmem.c" -mcpu=cortex-m4 -std=gnu11 -g3 -DDEBUG -DCORE_CM4 -DUSE_HAL_DRIVER -DSTM32WL55xx -c -I../../Core/Inc -I../../SubGHz_Phy/App -I../../SubGHz_Phy/Target -I../../Utilities/trace/adv_trace -I../../Drivers/STM32WLxx_HAL_Driver/Inc -I../../Drivers/STM32WLxx_HAL_Driver/Inc/Legacy -I../../Utilities/misc -I../../Utilities/sequencer -I../../Utilities/timer -I../../Utilities/lpm/tiny_lpm -I../../Middlewares/Third_Party/SubGHz_Phy -I../../Middlewares/Third_Party/SubGHz_Phy/stm32_radio_driver -I../../Drivers/CMSIS/Device/ST/STM32WLxx/Include -I../../Drivers/CMSIS/Include -I../../Drivers/BSP/STM32WLxx_Nucleo -Og -ffunction-sections -fdata-sections -Wall -fstack-usage -MMD -MP -MF"Application/User/Core/sysmem.d" -MT"Application/User/Core/sysmem.o" --specs=nano.specs -mfloat-abi=soft -mthumb -o "Application/User/Core/sysmem.o"
arm-none-eabi-gcc "C:/Users/MADOR - T/STM32Cube/Example/SubGHz_Phy_PingPong/Core/Src/timer_if.c" -mcpu=cortex-m4 -std=gnu11 -g3 -DDEBUG -DCORE_CM4 -DUSE_HAL_DRIVER -DSTM32WL55xx -c -I../../Core/Inc -I../../SubGHz_Phy/App -I../../SubGHz_Phy/Target -I../../Utilities/trace/adv_trace -I../../Drivers/STM32WLxx_HAL_Driver/Inc -I../../Drivers/STM32WLxx_HAL_Driver/Inc/Legacy -I../../Utilities/misc -I../../Utilities/sequencer -I../../Utilities/timer -I../../Utilities/lpm/tiny_lpm -I../../Middlewares/Third_Party/SubGHz_Phy -I../../Middlewares/Third_Party/SubGHz_Phy/stm32_radio_driver -I../../Drivers/CMSIS/Device/ST/STM32WLxx/Include -I../../Drivers/CMSIS/Include -I../../Drivers/BSP/STM32WLxx_Nucleo -Og -ffunction-sections -fdata-sections -Wall -fstack-usage -MMD -MP -MF"Application/User/Core/timer_if.d" -MT"Application/User/Core/timer_if.o" --specs=nano.specs -mfloat-abi=soft -mthumb -o "Application/User/Core/timer_if.o"
arm-none-eabi-gcc "C:/Users/MADOR - T/STM32Cube/Example/SubGHz_Phy_PingPong/Core/Src/usart.c" -mcpu=cortex-m4 -std=gnu11 -g3 -DDEBUG -DCORE_CM4 -DUSE_HAL_DRIVER -DSTM32WL55xx -c -I../../Core/Inc -I../../SubGHz_Phy/App -I../../SubGHz_Phy/Target -I../../Utilities/trace/adv_trace -I../../Drivers/STM32WLxx_HAL_Driver/Inc -I../../Drivers/STM32WLxx_HAL_Driver/Inc/Legacy -I../../Utilities/misc -I../../Utilities/sequencer -I../../Utilities/timer -I../../Utilities/lpm/tiny_lpm -I../../Middlewares/Third_Party/SubGHz_Phy -I../../Middlewares/Third_Party/SubGHz_Phy/stm32_radio_driver -I../../Drivers/CMSIS/Device/ST/STM32WLxx/Include -I../../Drivers/CMSIS/Include -I../../Drivers/BSP/STM32WLxx_Nucleo -Og -ffunction-sections -fdata-sections -Wall -fstack-usage -MMD -MP -MF"Application/User/Core/usart.d" -MT"Application/User/Core/usart.o" --specs=nano.specs -mfloat-abi=soft -mthumb -o "Application/User/Core/usart.o"
arm-none-eabi-gcc "C:/Users/MADOR - T/STM32Cube/Example/SubGHz_Phy_PingPong/Core/Src/usart_if.c" -mcpu=cortex-m4 -std=gnu11 -g3 -DDEBUG -DCORE_CM4 -DUSE_HAL_DRIVER -DSTM32WL55xx -c -I../../Core/Inc -I../../SubGHz_Phy/App -I../../SubGHz_Phy/Target -I../../Utilities/trace/adv_trace -I../../Drivers/STM32WLxx_HAL_Driver/Inc -I../../Drivers/STM32WLxx_HAL_Driver/Inc/Legacy -I../../Utilities/misc -I../../Utilities/sequencer -I../../Utilities/timer -I../../Utilities/lpm/tiny_lpm -I../../Middlewares/Third_Party/SubGHz_Phy -I../../Middlewares/Third_Party/SubGHz_Phy/stm32_radio_driver -I../../Drivers/CMSIS/Device/ST/STM32WLxx/Include -I../../Drivers/CMSIS/Include -I../../Drivers/BSP/STM32WLxx_Nucleo -Og -ffunction-sections -fdata-sections -Wall -fstack-usage -MMD -MP -MF"Application/User/Core/usart_if.d" -MT"Application/User/Core/usart_if.o" --specs=nano.specs -mfloat-abi=soft -mthumb -o "Application/User/Core/usart_if.o"
arm-none-eabi-gcc -o "SubGHz_Phy_PingPong.elf" @"objects.list"   -mcpu=cortex-m4 -T"C:\Users\MADOR - T\STM32Cube\Example\SubGHz_Phy_PingPong\STM32CubeIDE\STM32WL55JCIX_FLASH.ld" --specs=nosys.specs -Wl,-Map="SubGHz_Phy_PingPong.map" -Wl,--gc-sections -static --specs=nano.specs -mfloat-abi=soft -mthumb -Wl,--start-group -lc -lm -Wl,--end-group
Finished building target: SubGHz_Phy_PingPong.elf
 
arm-none-eabi-size   SubGHz_Phy_PingPong.elf 
arm-none-eabi-objdump -h -S  SubGHz_Phy_PingPong.elf  > "SubGHz_Phy_PingPong.list"
   text	   data	    bss	    dec	    hex	filename
  33144	     40	   4736	  37920	   9420	SubGHz_Phy_PingPong.elf
Finished building: default.size.stdout
 
Finished building: SubGHz_Phy_PingPong.list
 

18:22:16 Build Finished. 0 errors, 0 warnings. (took 8s.869ms)

