C:/Users/MADOR - T/STM32CubeIDE/workspace_1.10.1/LoRaWAN_End_Node/Middlewares/Third_Party/LoRaWAN/Mac/LoRaMacSerializer.c:36:27:LoRaMacSerializerJoinRequest	8	static
C:/Users/MADOR - T/STM32CubeIDE/workspace_1.10.1/LoRaWAN_End_Node/Middlewares/Third_Party/LoRaWAN/Mac/LoRaMacSerializer.c:72:27:LoRaMacSerializerReJoinType1	8	static
C:/Users/MADOR - T/STM32CubeIDE/workspace_1.10.1/LoRaWAN_End_Node/Middlewares/Third_Party/LoRaWAN/Mac/LoRaMacSerializer.c:103:27:LoRaMacSerializerReJoinType0or2	8	static
C:/Users/MADOR - T/STM32CubeIDE/workspace_1.10.1/LoRaWAN_End_Node/Middlewares/Third_Party/LoRaWAN/Mac/LoRaMacSerializer.c:134:27:LoRaMacSerializerData	16	static
