C:/Users/MADOR - T/STM32CubeIDE/workspace_1.10.1/LoRaWAN_End_Node/Middlewares/Third_Party/LoRaWAN/Mac/Region/RegionAS923.c:129:13:VerifyRfFreq	8	static
C:/Users/MADOR - T/STM32CubeIDE/workspace_1.10.1/LoRaWAN_End_Node/Middlewares/Third_Party/LoRaWAN/Mac/Region/RegionAS923.c:144:20:GetTimeOnAir	32	static
C:/Users/MADOR - T/STM32CubeIDE/workspace_1.10.1/LoRaWAN_End_Node/Middlewares/Third_Party/LoRaWAN/Mac/Region/RegionAS923.c:162:12:RegionAS923GetPhyParam	32	static
C:/Users/MADOR - T/STM32CubeIDE/workspace_1.10.1/LoRaWAN_End_Node/Middlewares/Third_Party/LoRaWAN/Mac/Region/RegionAS923.c:412:6:RegionAS923SetBandTxDone	16	static
C:/Users/MADOR - T/STM32CubeIDE/workspace_1.10.1/LoRaWAN_End_Node/Middlewares/Third_Party/LoRaWAN/Mac/Region/RegionAS923.c:425:6:RegionAS923InitDefaults	32	static
C:/Users/MADOR - T/STM32CubeIDE/workspace_1.10.1/LoRaWAN_End_Node/Middlewares/Third_Party/LoRaWAN/Mac/Region/RegionAS923.c:495:6:RegionAS923Verify	8	static
C:/Users/MADOR - T/STM32CubeIDE/workspace_1.10.1/LoRaWAN_End_Node/Middlewares/Third_Party/LoRaWAN/Mac/Region/RegionAS923.c:609:6:RegionAS923ChanMaskSet	8	static
C:/Users/MADOR - T/STM32CubeIDE/workspace_1.10.1/LoRaWAN_End_Node/Middlewares/Third_Party/LoRaWAN/Mac/Region/RegionAS923.c:633:6:RegionAS923ComputeRxWindowParameters	32	static
C:/Users/MADOR - T/STM32CubeIDE/workspace_1.10.1/LoRaWAN_End_Node/Middlewares/Third_Party/LoRaWAN/Mac/Region/RegionAS923.c:655:6:RegionAS923RxConfig	72	static
C:/Users/MADOR - T/STM32CubeIDE/workspace_1.10.1/LoRaWAN_End_Node/Middlewares/Third_Party/LoRaWAN/Mac/Region/RegionAS923.c:723:6:RegionAS923TxConfig	88	static
C:/Users/MADOR - T/STM32CubeIDE/workspace_1.10.1/LoRaWAN_End_Node/Middlewares/Third_Party/LoRaWAN/Mac/Region/RegionAS923.c:769:9:RegionAS923LinkAdrReq	88	static
C:/Users/MADOR - T/STM32CubeIDE/workspace_1.10.1/LoRaWAN_End_Node/Middlewares/Third_Party/LoRaWAN/Mac/Region/RegionAS923.c:876:9:RegionAS923RxParamSetupReq	16	static
C:/Users/MADOR - T/STM32CubeIDE/workspace_1.10.1/LoRaWAN_End_Node/Middlewares/Third_Party/LoRaWAN/Mac/Region/RegionAS923.c:956:8:RegionAS923TxParamSetupReq	0	static
C:/Users/MADOR - T/STM32CubeIDE/workspace_1.10.1/LoRaWAN_End_Node/Middlewares/Third_Party/LoRaWAN/Mac/Region/RegionAS923.c:962:8:RegionAS923DlChannelReq	8	static
C:/Users/MADOR - T/STM32CubeIDE/workspace_1.10.1/LoRaWAN_End_Node/Middlewares/Third_Party/LoRaWAN/Mac/Region/RegionAS923.c:989:8:RegionAS923AlternateDr	0	static
C:/Users/MADOR - T/STM32CubeIDE/workspace_1.10.1/LoRaWAN_End_Node/Middlewares/Third_Party/LoRaWAN/Mac/Region/RegionAS923.c:999:17:RegionAS923NextChannel	112	static
C:/Users/MADOR - T/STM32CubeIDE/workspace_1.10.1/LoRaWAN_End_Node/Middlewares/Third_Party/LoRaWAN/Mac/Region/RegionAS923.c:1081:17:RegionAS923ChannelAdd	24	static
C:/Users/MADOR - T/STM32CubeIDE/workspace_1.10.1/LoRaWAN_End_Node/Middlewares/Third_Party/LoRaWAN/Mac/Region/RegionAS923.c:1144:6:RegionAS923ChannelsRemove	8	static
C:/Users/MADOR - T/STM32CubeIDE/workspace_1.10.1/LoRaWAN_End_Node/Middlewares/Third_Party/LoRaWAN/Mac/Region/RegionAS923.c:548:6:RegionAS923ApplyCFList	40	static
C:/Users/MADOR - T/STM32CubeIDE/workspace_1.10.1/LoRaWAN_End_Node/Middlewares/Third_Party/LoRaWAN/Mac/Region/RegionAS923.c:903:8:RegionAS923NewChannelReq	24	static
C:/Users/MADOR - T/STM32CubeIDE/workspace_1.10.1/LoRaWAN_End_Node/Middlewares/Third_Party/LoRaWAN/Mac/Region/RegionAS923.c:1198:9:RegionAS923ApplyDrOffset	0	static
C:/Users/MADOR - T/STM32CubeIDE/workspace_1.10.1/LoRaWAN_End_Node/Middlewares/Third_Party/LoRaWAN/Mac/Region/RegionAS923.c:1223:6:RegionAS923RxBeaconSetup	40	static
