C:/Users/MADOR - T/STM32CubeIDE/workspace_1.10.1/LoRaWAN_End_Node/Middlewares/Third_Party/LoRaWAN/Mac/Region/RegionEU868.c:119:12:RegionEU868GetPhyParam	8	static
C:/Users/MADOR - T/STM32CubeIDE/workspace_1.10.1/LoRaWAN_End_Node/Middlewares/Third_Party/LoRaWAN/Mac/Region/RegionEU868.c:338:6:RegionEU868SetBandTxDone	0	static
C:/Users/MADOR - T/STM32CubeIDE/workspace_1.10.1/LoRaWAN_End_Node/Middlewares/Third_Party/LoRaWAN/Mac/Region/RegionEU868.c:351:6:RegionEU868InitDefaults	0	static
C:/Users/MADOR - T/STM32CubeIDE/workspace_1.10.1/LoRaWAN_End_Node/Middlewares/Third_Party/LoRaWAN/Mac/Region/RegionEU868.c:423:6:RegionEU868Verify	0	static
C:/Users/MADOR - T/STM32CubeIDE/workspace_1.10.1/LoRaWAN_End_Node/Middlewares/Third_Party/LoRaWAN/Mac/Region/RegionEU868.c:463:6:RegionEU868ApplyCFList	0	static
C:/Users/MADOR - T/STM32CubeIDE/workspace_1.10.1/LoRaWAN_End_Node/Middlewares/Third_Party/LoRaWAN/Mac/Region/RegionEU868.c:524:6:RegionEU868ChanMaskSet	0	static
C:/Users/MADOR - T/STM32CubeIDE/workspace_1.10.1/LoRaWAN_End_Node/Middlewares/Third_Party/LoRaWAN/Mac/Region/RegionEU868.c:548:6:RegionEU868ComputeRxWindowParameters	0	static
C:/Users/MADOR - T/STM32CubeIDE/workspace_1.10.1/LoRaWAN_End_Node/Middlewares/Third_Party/LoRaWAN/Mac/Region/RegionEU868.c:570:6:RegionEU868RxConfig	0	static
C:/Users/MADOR - T/STM32CubeIDE/workspace_1.10.1/LoRaWAN_End_Node/Middlewares/Third_Party/LoRaWAN/Mac/Region/RegionEU868.c:636:6:RegionEU868TxConfig	0	static
C:/Users/MADOR - T/STM32CubeIDE/workspace_1.10.1/LoRaWAN_End_Node/Middlewares/Third_Party/LoRaWAN/Mac/Region/RegionEU868.c:682:9:RegionEU868LinkAdrReq	0	static
C:/Users/MADOR - T/STM32CubeIDE/workspace_1.10.1/LoRaWAN_End_Node/Middlewares/Third_Party/LoRaWAN/Mac/Region/RegionEU868.c:789:9:RegionEU868RxParamSetupReq	0	static
C:/Users/MADOR - T/STM32CubeIDE/workspace_1.10.1/LoRaWAN_End_Node/Middlewares/Third_Party/LoRaWAN/Mac/Region/RegionEU868.c:870:8:RegionEU868TxParamSetupReq	0	static
C:/Users/MADOR - T/STM32CubeIDE/workspace_1.10.1/LoRaWAN_End_Node/Middlewares/Third_Party/LoRaWAN/Mac/Region/RegionEU868.c:876:8:RegionEU868DlChannelReq	0	static
C:/Users/MADOR - T/STM32CubeIDE/workspace_1.10.1/LoRaWAN_End_Node/Middlewares/Third_Party/LoRaWAN/Mac/Region/RegionEU868.c:904:8:RegionEU868AlternateDr	0	static
C:/Users/MADOR - T/STM32CubeIDE/workspace_1.10.1/LoRaWAN_End_Node/Middlewares/Third_Party/LoRaWAN/Mac/Region/RegionEU868.c:913:17:RegionEU868NextChannel	0	static
C:/Users/MADOR - T/STM32CubeIDE/workspace_1.10.1/LoRaWAN_End_Node/Middlewares/Third_Party/LoRaWAN/Mac/Region/RegionEU868.c:972:17:RegionEU868ChannelAdd	0	static
C:/Users/MADOR - T/STM32CubeIDE/workspace_1.10.1/LoRaWAN_End_Node/Middlewares/Third_Party/LoRaWAN/Mac/Region/RegionEU868.c:1036:6:RegionEU868ChannelsRemove	0	static
C:/Users/MADOR - T/STM32CubeIDE/workspace_1.10.1/LoRaWAN_End_Node/Middlewares/Third_Party/LoRaWAN/Mac/Region/RegionEU868.c:817:8:RegionEU868NewChannelReq	24	static
C:/Users/MADOR - T/STM32CubeIDE/workspace_1.10.1/LoRaWAN_End_Node/Middlewares/Third_Party/LoRaWAN/Mac/Region/RegionEU868.c:1071:9:RegionEU868ApplyDrOffset	0	static
C:/Users/MADOR - T/STM32CubeIDE/workspace_1.10.1/LoRaWAN_End_Node/Middlewares/Third_Party/LoRaWAN/Mac/Region/RegionEU868.c:1086:6:RegionEU868RxBeaconSetup	0	static
