C:/Users/MADOR - T/STM32CubeIDE/workspace_1.10.1/LoRaWAN_End_Node/LoRaWAN/App/lora_app.c:759:13:OnTxFrameCtrlChanged	0	static
C:/Users/MADOR - T/STM32CubeIDE/workspace_1.10.1/LoRaWAN_End_Node/LoRaWAN/App/lora_app.c:770:13:OnPingSlotPeriodicityChanged	0	static
C:/Users/MADOR - T/STM32CubeIDE/workspace_1.10.1/LoRaWAN_End_Node/LoRaWAN/App/lora_app.c:683:13:OnBeaconStatusChange	72	static
C:/Users/MADOR - T/STM32CubeIDE/workspace_1.10.1/LoRaWAN_End_Node/LoRaWAN/App/lora_app.c:718:13:OnClassChange	16	static
C:/Users/MADOR - T/STM32CubeIDE/workspace_1.10.1/LoRaWAN_End_Node/LoRaWAN/App/lora_app.c:870:13:OnNvmDataChange	8	static
C:/Users/MADOR - T/STM32CubeIDE/workspace_1.10.1/LoRaWAN_End_Node/LoRaWAN/App/lora_app.c:594:13:OnTxTimerEvent	8	static
C:/Users/MADOR - T/STM32CubeIDE/workspace_1.10.1/LoRaWAN_End_Node/LoRaWAN/App/lora_app.c:725:13:OnMacProcessNotify	8	static
C:/Users/MADOR - T/STM32CubeIDE/workspace_1.10.1/LoRaWAN_End_Node/LoRaWAN/App/lora_app.c:781:13:OnSystemReset	8	static,ignoring_inline_asm
C:/Users/MADOR - T/STM32CubeIDE/workspace_1.10.1/LoRaWAN_End_Node/LoRaWAN/App/lora_app.c:737:13:OnTxPeriodicityChanged	8	static
C:/Users/MADOR - T/STM32CubeIDE/workspace_1.10.1/LoRaWAN_End_Node/LoRaWAN/App/lora_app.c:626:13:OnTxData	24	static
C:/Users/MADOR - T/STM32CubeIDE/workspace_1.10.1/LoRaWAN_End_Node/LoRaWAN/App/lora_app.c:655:13:OnJoinRequest	8	static
C:/Users/MADOR - T/STM32CubeIDE/workspace_1.10.1/LoRaWAN_End_Node/LoRaWAN/App/lora_app.c:832:13:OnStopJoinTimerEvent	8	static
C:/Users/MADOR - T/STM32CubeIDE/workspace_1.10.1/LoRaWAN_End_Node/LoRaWAN/App/lora_app.c:614:13:OnRxTimerLedEvent	8	static
C:/Users/MADOR - T/STM32CubeIDE/workspace_1.10.1/LoRaWAN_End_Node/LoRaWAN/App/lora_app.c:609:13:OnTxTimerLedEvent	8	static
C:/Users/MADOR - T/STM32CubeIDE/workspace_1.10.1/LoRaWAN_End_Node/LoRaWAN/App/lora_app.c:888:13:OnStoreContextRequest	16	static
C:/Users/MADOR - T/STM32CubeIDE/workspace_1.10.1/LoRaWAN_End_Node/LoRaWAN/App/lora_app.c:907:13:OnRestoreContextRequest	8	static
C:/Users/MADOR - T/STM32CubeIDE/workspace_1.10.1/LoRaWAN_End_Node/LoRaWAN/App/lora_app.c:795:13:StopJoin	16	static
C:/Users/MADOR - T/STM32CubeIDE/workspace_1.10.1/LoRaWAN_End_Node/LoRaWAN/App/lora_app.c:848:13:StoreContext	8	static
C:/Users/MADOR - T/STM32CubeIDE/workspace_1.10.1/LoRaWAN_End_Node/LoRaWAN/App/lora_app.c:619:13:OnJoinTimerLedEvent	8	static
C:/Users/MADOR - T/STM32CubeIDE/workspace_1.10.1/LoRaWAN_End_Node/LoRaWAN/App/lora_app.c:551:6:SendTxData	24	static
C:/Users/MADOR - T/STM32CubeIDE/workspace_1.10.1/LoRaWAN_End_Node/LoRaWAN/App/lora_app.c:342:6:LoRaWAN_Init	48	static
C:/Users/MADOR - T/STM32CubeIDE/workspace_1.10.1/LoRaWAN_End_Node/LoRaWAN/App/lora_app.c:432:6:HAL_GPIO_EXTI_Callback	8	static
C:/Users/MADOR - T/STM32CubeIDE/workspace_1.10.1/LoRaWAN_End_Node/LoRaWAN/App/lora_app.c:455:7:Uint2String	8	static
C:/Users/MADOR - T/STM32CubeIDE/workspace_1.10.1/LoRaWAN_End_Node/LoRaWAN/App/lora_app.c:470:13:OnRxData	40	static
